---
source: crates/public_api/tests/snapshot_tests.rs
expression: "&snap.elements"
---
[
    Block(
        BlockSnapshot {
            block_id: 2,
            position: 0,
            length: 5,
            text: "first",
            fragments: [
                Text {
                    text: "first",
                    format: TextFormat {
                        font_family: None,
                        font_point_size: None,
                        font_weight: None,
                        font_bold: None,
                        font_italic: None,
                        font_underline: None,
                        font_overline: None,
                        font_strikeout: None,
                        letter_spacing: None,
                        word_spacing: None,
                        underline_style: None,
                        vertical_alignment: None,
                        anchor_href: None,
                        anchor_names: [],
                        is_anchor: None,
                        tooltip: None,
                        foreground_color: None,
                        background_color: None,
                        underline_color: None,
                    },
                    offset: 0,
                    length: 5,
                    element_id: 4611686027017322496,
                    word_starts: [
                        0,
                    ],
                },
            ],
            block_format: BlockFormat {
                alignment: None,
                top_margin: None,
                bottom_margin: None,
                left_margin: None,
                right_margin: None,
                heading_level: None,
                indent: None,
                text_indent: None,
                marker: None,
                tab_positions: [],
                line_height: None,
                non_breakable_lines: None,
                direction: None,
                background_color: None,
                is_code_block: None,
                code_language: None,
            },
            list_info: None,
            parent_frame_id: Some(
                2,
            ),
            table_cell: None,
        },
    ),
    Block(
        BlockSnapshot {
            block_id: 3,
            position: 6,
            length: 6,
            text: "second",
            fragments: [
                Text {
                    text: "second",
                    format: TextFormat {
                        font_family: None,
                        font_point_size: None,
                        font_weight: None,
                        font_bold: None,
                        font_italic: None,
                        font_underline: None,
                        font_overline: None,
                        font_strikeout: None,
                        letter_spacing: None,
                        word_spacing: None,
                        underline_style: None,
                        vertical_alignment: None,
                        anchor_href: None,
                        anchor_names: [],
                        is_anchor: None,
                        tooltip: None,
                        foreground_color: None,
                        background_color: None,
                        underline_color: None,
                    },
                    offset: 0,
                    length: 6,
                    element_id: 4611686031312289792,
                    word_starts: [
                        0,
                    ],
                },
            ],
            block_format: BlockFormat {
                alignment: None,
                top_margin: None,
                bottom_margin: None,
                left_margin: None,
                right_margin: None,
                heading_level: None,
                indent: None,
                text_indent: None,
                marker: None,
                tab_positions: [],
                line_height: None,
                non_breakable_lines: None,
                direction: None,
                background_color: None,
                is_code_block: None,
                code_language: None,
            },
            list_info: None,
            parent_frame_id: Some(
                2,
            ),
            table_cell: None,
        },
    ),
]
